PHPUnit 10.5.60 by Sebastian Bergmann and contributors.

Error in bootstrap script: ParseError:
Unmatched '}'
#0 C:\xampp\htdocs\stu\vendor\phpunit\phpunit\src\TextUI\Application.php(109): PHPUnit\TextUI\Application->loadBootstrapScript('C:\\xampp\\htdocs...')
#1 C:\xampp\htdocs\stu\vendor\phpunit\phpunit\phpunit(104): PHPUnit\TextUI\Application->run(Array)
#2 C:\xampp\htdocs\stu\vendor\bin\phpunit(122): include('C:\\xampp\\htdocs...')
#3 {main}
